{
  "version": "1.5.0",
  "plugins_used": [
    {
      "name": "ArtifactoryDetector"
    },
    {
      "name": "AWSKeyDetector"
    },
    {
      "name": "AzureStorageKeyDetector"
    },
    {
      "name": "Base64HighEntropyString",
      "limit": 4.5
    },
    {
      "name": "BasicAuthDetector"
    },
    {
      "name": "CloudantDetector"
    },
    {
      "name": "DiscordBotTokenDetector"
    },
    {
      "name": "GitHubTokenDetector"
    },
    {
      "name": "GitLabTokenDetector"
    },
    {
      "name": "HexHighEntropyString",
      "limit": 3.0
    },
    {
      "name": "IbmCloudIamDetector"
    },
    {
      "name": "IbmCosHmacDetector"
    },
    {
      "name": "IPPublicDetector"
    },
    {
      "name": "JwtTokenDetector"
    },
    {
      "name": "KeywordDetector",
      "keyword_exclude": ""
    },
    {
      "name": "MailchimpDetector"
    },
    {
      "name": "NpmDetector"
    },
    {
      "name": "OpenAIDetector"
    },
    {
      "name": "PrivateKeyDetector"
    },
    {
      "name": "PypiTokenDetector"
    },
    {
      "name": "SendGridDetector"
    },
    {
      "name": "SlackDetector"
    },
    {
      "name": "SoftlayerDetector"
    },
    {
      "name": "SquareOAuthDetector"
    },
    {
      "name": "StripeDetector"
    },
    {
      "name": "TelegramBotTokenDetector"
    },
    {
      "name": "TwilioKeyDetector"
    }
  ],
  "filters_used": [
    {
      "path": "detect_secrets.filters.allowlist.is_line_allowlisted"
    },
    {
      "path": "detect_secrets.filters.common.is_baseline_file",
      "filename": ".secrets.baseline"
    },
    {
      "path": "detect_secrets.filters.common.is_ignored_due_to_verification_policies",
      "min_level": 2
    },
    {
      "path": "detect_secrets.filters.heuristic.is_indirect_reference"
    },
    {
      "path": "detect_secrets.filters.heuristic.is_likely_id_string"
    },
    {
      "path": "detect_secrets.filters.heuristic.is_lock_file"
    },
    {
      "path": "detect_secrets.filters.heuristic.is_not_alphanumeric_string"
    },
    {
      "path": "detect_secrets.filters.heuristic.is_potential_uuid"
    },
    {
      "path": "detect_secrets.filters.heuristic.is_prefixed_with_dollar_sign"
    },
    {
      "path": "detect_secrets.filters.heuristic.is_sequential_string"
    },
    {
      "path": "detect_secrets.filters.heuristic.is_swagger_file"
    },
    {
      "path": "detect_secrets.filters.heuristic.is_templated_secret"
    }
  ],
  "results": {
    ".devcontainer/devcontainer.env": [
      {
        "type": "Secret Keyword",
        "filename": ".devcontainer/devcontainer.env",
        "hashed_secret": "0828c5e1bde79431390daaa619066b09379b39e5",
        "is_verified": false,
        "line_number": 12,
        "is_secret": false
      },
      {
        "type": "Secret Keyword",
        "filename": ".devcontainer/devcontainer.env",
        "hashed_secret": "cf7b850a6a3837ea35bb11ce1e972e47791baf82",
        "is_verified": false,
        "line_number": 13,
        "is_secret": false
      },
      {
        "type": "Secret Keyword",
        "filename": ".devcontainer/devcontainer.env",
        "hashed_secret": "3634241a55dbf1e8b0d7d4b7b8c3af1a45f1fcae",
        "is_verified": false,
        "line_number": 14,
        "is_secret": false
      },
      {
        "type": "Base64 High Entropy String",
        "filename": ".devcontainer/devcontainer.env",
        "hashed_secret": "3b3f4d9ac347773128e42c25c7059fa8f704e049",
        "is_verified": false,
        "line_number": 15,
        "is_secret": false
      },
      {
        "type": "Base64 High Entropy String",
        "filename": ".devcontainer/devcontainer.env",
        "hashed_secret": "1a502ebc8d8ccd6b701bfe403d36fc1dcdeafa39",
        "is_verified": false,
        "line_number": 16,
        "is_secret": false
      }
    ],
    ".github/workflows/test.yaml": [
      {
        "type": "Secret Keyword",
        "filename": ".github/workflows/test.yaml",
        "hashed_secret": "5baa61e4c9b93f3f0682250b6cf8331b7ee68fd8",
        "is_verified": false,
        "line_number": 34,
        "is_secret": false
      },
      {
        "type": "Basic Auth Credentials",
        "filename": ".github/workflows/test.yaml",
        "hashed_secret": "5baa61e4c9b93f3f0682250b6cf8331b7ee68fd8",
        "is_verified": false,
        "line_number": 49,
        "is_secret": false
      }
    ],
    "auth_callout/pnpm-lock.yaml": [
      {
        "type": "Base64 High Entropy String",
        "filename": "auth_callout/pnpm-lock.yaml",
        "hashed_secret": "a03301093c427ae654b9be1b82b5627fffd082f0",
        "is_verified": false,
        "line_number": 49,
        "is_secret": false
      },
      {
        "type": "Base64 High Entropy String",
        "filename": "auth_callout/pnpm-lock.yaml",
        "hashed_secret": "3678ca342db4d00e78a12d2d4585ea0eb611b0ec",
        "is_verified": false,
        "line_number": 53,
        "is_secret": false
      },
      {
        "type": "Base64 High Entropy String",
        "filename": "auth_callout/pnpm-lock.yaml",
        "hashed_secret": "a4c78d0892eaf3408c27e1e27eba32e2c6d5fae8",
        "is_verified": false,
        "line_number": 57,
        "is_secret": false
      },
      {
        "type": "Base64 High Entropy String",
        "filename": "auth_callout/pnpm-lock.yaml",
        "hashed_secret": "dd99bf8e97bf8e28009b7df93d9bc3550af4946f",
        "is_verified": false,
        "line_number": 61,
        "is_secret": false
      },
      {
        "type": "Base64 High Entropy String",
        "filename": "auth_callout/pnpm-lock.yaml",
        "hashed_secret": "00b8e07f634cdaf7936c3ea16f178378c4dfa1b1",
        "is_verified": false,
        "line_number": 67,
        "is_secret": false
      },
      {
        "type": "Base64 High Entropy String",
        "filename": "auth_callout/pnpm-lock.yaml",
        "hashed_secret": "d33c3f49d7b8d12bdc62d280a95f53aae4619900",
        "is_verified": false,
        "line_number": 73,
        "is_secret": false
      },
      {
        "type": "Base64 High Entropy String",
        "filename": "auth_callout/pnpm-lock.yaml",
        "hashed_secret": "9742fe27e80c5f0ebf87e000da568654c849291e",
        "is_verified": false,
        "line_number": 79,
        "is_secret": false
      },
      {
        "type": "Base64 High Entropy String",
        "filename": "auth_callout/pnpm-lock.yaml",
        "hashed_secret": "e10d14075eb5789f788d63b7e212b63f37ae2234",
        "is_verified": false,
        "line_number": 85,
        "is_secret": false
      },
      {
        "type": "Base64 High Entropy String",
        "filename": "auth_callout/pnpm-lock.yaml",
        "hashed_secret": "b475cca3b76d66f854b0a689f3238d94155fd8c3",
        "is_verified": false,
        "line_number": 91,
        "is_secret": false
      },
      {
        "type": "Base64 High Entropy String",
        "filename": "auth_callout/pnpm-lock.yaml",
        "hashed_secret": "3519c0efd76d9162ba529e4322761c7669ed4d7e",
        "is_verified": false,
        "line_number": 97,
        "is_secret": false
      },
      {
        "type": "Base64 High Entropy String",
        "filename": "auth_callout/pnpm-lock.yaml",
        "hashed_secret": "8f2e3a665b8ba8b6243aac16f116d69197a2b0cc",
        "is_verified": false,
        "line_number": 103,
        "is_secret": false
      },
      {
        "type": "Base64 High Entropy String",
        "filename": "auth_callout/pnpm-lock.yaml",
        "hashed_secret": "a72618dbf7d1c8122c740189468c9453164e5065",
        "is_verified": false,
        "line_number": 109,
        "is_secret": false
      },
      {
        "type": "Base64 High Entropy String",
        "filename": "auth_callout/pnpm-lock.yaml",
        "hashed_secret": "76932b8f6c31b7ba6849069fb0667df1cd0b0638",
        "is_verified": false,
        "line_number": 115,
        "is_secret": false
      },
      {
        "type": "Base64 High Entropy String",
        "filename": "auth_callout/pnpm-lock.yaml",
        "hashed_secret": "e4db1ffca660f7b3b3bce3591556abf79c8c4306",
        "is_verified": false,
        "line_number": 121,
        "is_secret": false
      },
      {
        "type": "Base64 High Entropy String",
        "filename": "auth_callout/pnpm-lock.yaml",
        "hashed_secret": "c29bc27cd5df0a9f998231b98961abe89779616f",
        "is_verified": false,
        "line_number": 127,
        "is_secret": false
      },
      {
        "type": "Base64 High Entropy String",
        "filename": "auth_callout/pnpm-lock.yaml",
        "hashed_secret": "5de35435584d4ef1468e4d50375aed643caffb84",
        "is_verified": false,
        "line_number": 133,
        "is_secret": false
      },
      {
        "type": "Base64 High Entropy String",
        "filename": "auth_callout/pnpm-lock.yaml",
        "hashed_secret": "74b4bfe106a44ef15b086125d50ef0d9f8475323",
        "is_verified": false,
        "line_number": 139,
        "is_secret": false
      },
      {
        "type": "Base64 High Entropy String",
        "filename": "auth_callout/pnpm-lock.yaml",
        "hashed_secret": "94b02a637f0986026dd02c46635d8dbe4d607a25",
        "is_verified": false,
        "line_number": 145,
        "is_secret": false
      },
      {
        "type": "Base64 High Entropy String",
        "filename": "auth_callout/pnpm-lock.yaml",
        "hashed_secret": "be9c279a4e59413abec4dba1176080a8651be75e",
        "is_verified": false,
        "line_number": 151,
        "is_secret": false
      },
      {
        "type": "Base64 High Entropy String",
        "filename": "auth_callout/pnpm-lock.yaml",
        "hashed_secret": "11759eada8d94c9b39e59384fd8bc5c319a8d308",
        "is_verified": false,
        "line_number": 157,
        "is_secret": false
      },
      {
        "type": "Base64 High Entropy String",
        "filename": "auth_callout/pnpm-lock.yaml",
        "hashed_secret": "6d160e3cc6446a3cac4d68577c235ce4b766d175",
        "is_verified": false,
        "line_number": 163,
        "is_secret": false
      },
      {
        "type": "Base64 High Entropy String",
        "filename": "auth_callout/pnpm-lock.yaml",
        "hashed_secret": "43c1c4ed3eca2a42f24ed49c4672055010d4cec4",
        "is_verified": false,
        "line_number": 169,
        "is_secret": false
      },
      {
        "type": "Base64 High Entropy String",
        "filename": "auth_callout/pnpm-lock.yaml",
        "hashed_secret": "94c2db375badc55138391bd8742049f18384a1d7",
        "is_verified": false,
        "line_number": 175,
        "is_secret": false
      },
      {
        "type": "Base64 High Entropy String",
        "filename": "auth_callout/pnpm-lock.yaml",
        "hashed_secret": "8278de4704aa5dae4eadde40f63e2b8a05b9e286",
        "is_verified": false,
        "line_number": 181,
        "is_secret": false
      },
      {
        "type": "Base64 High Entropy String",
        "filename": "auth_callout/pnpm-lock.yaml",
        "hashed_secret": "6d685d43f46134cd2d3e322717ac216185f47213",
        "is_verified": false,
        "line_number": 187,
        "is_secret": false
      },
      {
        "type": "Base64 High Entropy String",
        "filename": "auth_callout/pnpm-lock.yaml",
        "hashed_secret": "9a1373fb8bc6343a2626079c5c977463daea3541",
        "is_verified": false,
        "line_number": 193,
        "is_secret": false
      },
      {
        "type": "Base64 High Entropy String",
        "filename": "auth_callout/pnpm-lock.yaml",
        "hashed_secret": "e768776e74a3cb5645d538a9bd074c78e7fb52b3",
        "is_verified": false,
        "line_number": 197,
        "is_secret": false
      },
      {
        "type": "Base64 High Entropy String",
        "filename": "auth_callout/pnpm-lock.yaml",
        "hashed_secret": "150a1608ffd7395d510860bc11f1b69b49ff015a",
        "is_verified": false,
        "line_number": 201,
        "is_secret": false
      },
      {
        "type": "Base64 High Entropy String",
        "filename": "auth_callout/pnpm-lock.yaml",
        "hashed_secret": "e01cc203302549a6fd8606d151577ebac0ceb5a7",
        "is_verified": false,
        "line_number": 205,
        "is_secret": false
      },
      {
        "type": "Base64 High Entropy String",
        "filename": "auth_callout/pnpm-lock.yaml",
        "hashed_secret": "de00bef30528bae8ff2a3da204a905618de6d80d",
        "is_verified": false,
        "line_number": 214,
        "is_secret": false
      },
      {
        "type": "Base64 High Entropy String",
        "filename": "auth_callout/pnpm-lock.yaml",
        "hashed_secret": "4e785464cce5cdaa6d22653a16ea6c8a7c5ff3a9",
        "is_verified": false,
        "line_number": 217,
        "is_secret": false
      },
      {
        "type": "Base64 High Entropy String",
        "filename": "auth_callout/pnpm-lock.yaml",
        "hashed_secret": "21b736aaa1418d8c96fd75f04e0a13ab750b6c08",
        "is_verified": false,
        "line_number": 220,
        "is_secret": false
      },
      {
        "type": "Base64 High Entropy String",
        "filename": "auth_callout/pnpm-lock.yaml",
        "hashed_secret": "af773573420531cf3cbec193c39d7c25179c7051",
        "is_verified": false,
        "line_number": 223,
        "is_secret": false
      },
      {
        "type": "Base64 High Entropy String",
        "filename": "auth_callout/pnpm-lock.yaml",
        "hashed_secret": "da698ef2101e47a51535544b2f4ce23f56964e58",
        "is_verified": false,
        "line_number": 226,
        "is_secret": false
      },
      {
        "type": "Base64 High Entropy String",
        "filename": "auth_callout/pnpm-lock.yaml",
        "hashed_secret": "deac9aea7bd58b1d910dca44bf7a4ad50a3b69fd",
        "is_verified": false,
        "line_number": 229,
        "is_secret": false
      },
      {
        "type": "Base64 High Entropy String",
        "filename": "auth_callout/pnpm-lock.yaml",
        "hashed_secret": "9ffd4cfc9764a8a508ca76013e3d2e89db9f7ca1",
        "is_verified": false,
        "line_number": 232,
        "is_secret": false
      },
      {
        "type": "Base64 High Entropy String",
        "filename": "auth_callout/pnpm-lock.yaml",
        "hashed_secret": "35ca90e5fa9b87427a5ff8b3f333a7b7d45fc260",
        "is_verified": false,
        "line_number": 236,
        "is_secret": false
      },
      {
        "type": "Base64 High Entropy String",
        "filename": "auth_callout/pnpm-lock.yaml",
        "hashed_secret": "ed5695eb040e5c940801b8d72eb96490e4b2f11e",
        "is_verified": false,
        "line_number": 240,
        "is_secret": false
      },
      {
        "type": "Base64 High Entropy String",
        "filename": "auth_callout/pnpm-lock.yaml",
        "hashed_secret": "d15b82853a984c45aab87399878c98082bac85ba",
        "is_verified": false,
        "line_number": 244,
        "is_secret": false
      },
      {
        "type": "Base64 High Entropy String",
        "filename": "auth_callout/pnpm-lock.yaml",
        "hashed_secret": "69508e9f25ead6b12c7a762c93b2a5b9cb587d60",
        "is_verified": false,
        "line_number": 248,
        "is_secret": false
      },
      {
        "type": "Base64 High Entropy String",
        "filename": "auth_callout/pnpm-lock.yaml",
        "hashed_secret": "5b7cd7946ca5e56496386ea38016606310bfcf03",
        "is_verified": false,
        "line_number": 252,
        "is_secret": false
      },
      {
        "type": "Base64 High Entropy String",
        "filename": "auth_callout/pnpm-lock.yaml",
        "hashed_secret": "408691ddec57537e414a6a987b08f20540a202c6",
        "is_verified": false,
        "line_number": 255,
        "is_secret": false
      },
      {
        "type": "Base64 High Entropy String",
        "filename": "auth_callout/pnpm-lock.yaml",
        "hashed_secret": "3aafb400e42871c4a994eba8013e4ff1034c2724",
        "is_verified": false,
        "line_number": 259,
        "is_secret": false
      },
      {
        "type": "Base64 High Entropy String",
        "filename": "auth_callout/pnpm-lock.yaml",
        "hashed_secret": "d61249f34437705a28fb8b6097dc589a6bfc96a0",
        "is_verified": false,
        "line_number": 262,
        "is_secret": false
      },
      {
        "type": "Base64 High Entropy String",
        "filename": "auth_callout/pnpm-lock.yaml",
        "hashed_secret": "38119d6755480fd81caed75382e6bcbb3685ca44",
        "is_verified": false,
        "line_number": 266,
        "is_secret": false
      },
      {
        "type": "Base64 High Entropy String",
        "filename": "auth_callout/pnpm-lock.yaml",
        "hashed_secret": "bb05672f29d196996d896664a1b8ab1d5b96fe4d",
        "is_verified": false,
        "line_number": 269,
        "is_secret": false
      },
      {
        "type": "Base64 High Entropy String",
        "filename": "auth_callout/pnpm-lock.yaml",
        "hashed_secret": "5e5e944819f9ed1defbf3b9cf387214fb2f04d61",
        "is_verified": false,
        "line_number": 273,
        "is_secret": false
      },
      {
        "type": "Base64 High Entropy String",
        "filename": "auth_callout/pnpm-lock.yaml",
        "hashed_secret": "d30e1411b1c1984270614b1f63613c6349a6e54b",
        "is_verified": false,
        "line_number": 277,
        "is_secret": false
      },
      {
        "type": "Base64 High Entropy String",
        "filename": "auth_callout/pnpm-lock.yaml",
        "hashed_secret": "3da27985279d7d55ced598655b77d5a3aef28e39",
        "is_verified": false,
        "line_number": 281,
        "is_secret": false
      },
      {
        "type": "Base64 High Entropy String",
        "filename": "auth_callout/pnpm-lock.yaml",
        "hashed_secret": "4ed49acfbd180533265d2099f3043963c4a24443",
        "is_verified": false,
        "line_number": 284,
        "is_secret": false
      },
      {
        "type": "Base64 High Entropy String",
        "filename": "auth_callout/pnpm-lock.yaml",
        "hashed_secret": "a4f82d37ce63312b47bb65bbb70bdc2ddd99ff55",
        "is_verified": false,
        "line_number": 288,
        "is_secret": false
      },
      {
        "type": "Base64 High Entropy String",
        "filename": "auth_callout/pnpm-lock.yaml",
        "hashed_secret": "428e72f71455a785963f1df5f85c26c6d6ae519b",
        "is_verified": false,
        "line_number": 291,
        "is_secret": false
      },
      {
        "type": "Base64 High Entropy String",
        "filename": "auth_callout/pnpm-lock.yaml",
        "hashed_secret": "4e737227d8a4ff0c87704616f4c0c457fa6bf550",
        "is_verified": false,
        "line_number": 294,
        "is_secret": false
      },
      {
        "type": "Base64 High Entropy String",
        "filename": "auth_callout/pnpm-lock.yaml",
        "hashed_secret": "98da97093cff2b0693b2f8ccc5b7e74758ae9f3e",
        "is_verified": false,
        "line_number": 298,
        "is_secret": false
      },
      {
        "type": "Base64 High Entropy String",
        "filename": "auth_callout/pnpm-lock.yaml",
        "hashed_secret": "39468d5df89be8d79e63917311a12bf28efc8da0",
        "is_verified": false,
        "line_number": 301,
        "is_secret": false
      },
      {
        "type": "Base64 High Entropy String",
        "filename": "auth_callout/pnpm-lock.yaml",
        "hashed_secret": "73ca6edf410b4b5aa1437064ebde3b97f4016449",
        "is_verified": false,
        "line_number": 306,
        "is_secret": false
      },
      {
        "type": "Base64 High Entropy String",
        "filename": "auth_callout/pnpm-lock.yaml",
        "hashed_secret": "63828e30381ce10218184dffe0797d79a726bb3a",
        "is_verified": false,
        "line_number": 310,
        "is_secret": false
      },
      {
        "type": "Base64 High Entropy String",
        "filename": "auth_callout/pnpm-lock.yaml",
        "hashed_secret": "f4b9cc6767196b29d1498b17d792fddc65b2e4c8",
        "is_verified": false,
        "line_number": 314,
        "is_secret": false
      },
      {
        "type": "Base64 High Entropy String",
        "filename": "auth_callout/pnpm-lock.yaml",
        "hashed_secret": "2072834961e980f104f7a8f7af4d97aed97811f5",
        "is_verified": false,
        "line_number": 317,
        "is_secret": false
      },
      {
        "type": "Base64 High Entropy String",
        "filename": "auth_callout/pnpm-lock.yaml",
        "hashed_secret": "585c7d123eda8aedeb9c8f282897c4ce52d1768a",
        "is_verified": false,
        "line_number": 321,
        "is_secret": false
      },
      {
        "type": "Base64 High Entropy String",
        "filename": "auth_callout/pnpm-lock.yaml",
        "hashed_secret": "d950cd8ef510429f57fb282e4a437321ca86158c",
        "is_verified": false,
        "line_number": 325,
        "is_secret": false
      },
      {
        "type": "Base64 High Entropy String",
        "filename": "auth_callout/pnpm-lock.yaml",
        "hashed_secret": "59f4301bbe59792eba4a6363ac9c5a52441666e6",
        "is_verified": false,
        "line_number": 330,
        "is_secret": false
      },
      {
        "type": "Base64 High Entropy String",
        "filename": "auth_callout/pnpm-lock.yaml",
        "hashed_secret": "371ca38e7acde2cb9e7c1a8bea0355722ff047cf",
        "is_verified": false,
        "line_number": 333,
        "is_secret": false
      },
      {
        "type": "Base64 High Entropy String",
        "filename": "auth_callout/pnpm-lock.yaml",
        "hashed_secret": "1e074256695d27dc0bea46d8da0b7d078ac360b9",
        "is_verified": false,
        "line_number": 337,
        "is_secret": false
      },
      {
        "type": "Base64 High Entropy String",
        "filename": "auth_callout/pnpm-lock.yaml",
        "hashed_secret": "e45f8f0f8f0463a80493faaf81d1fe3d0fa4a174",
        "is_verified": false,
        "line_number": 340,
        "is_secret": false
      },
      {
        "type": "Base64 High Entropy String",
        "filename": "auth_callout/pnpm-lock.yaml",
        "hashed_secret": "086b47ff4b09d5daf48fc11a12842df114051a64",
        "is_verified": false,
        "line_number": 344,
        "is_secret": false
      },
      {
        "type": "Base64 High Entropy String",
        "filename": "auth_callout/pnpm-lock.yaml",
        "hashed_secret": "3c22fe71719555d5e4c508c724ee1c9a9728d8a1",
        "is_verified": false,
        "line_number": 348,
        "is_secret": false
      },
      {
        "type": "Base64 High Entropy String",
        "filename": "auth_callout/pnpm-lock.yaml",
        "hashed_secret": "e9ce08fb0922eb7b6fd8078a79f948726b9b756e",
        "is_verified": false,
        "line_number": 352,
        "is_secret": false
      },
      {
        "type": "Base64 High Entropy String",
        "filename": "auth_callout/pnpm-lock.yaml",
        "hashed_secret": "0168f03d6f1748d5d7ae624a93f711333b69d01c",
        "is_verified": false,
        "line_number": 356,
        "is_secret": false
      },
      {
        "type": "Base64 High Entropy String",
        "filename": "auth_callout/pnpm-lock.yaml",
        "hashed_secret": "8f95bdf43361cffe6720264f402b5636239f6367",
        "is_verified": false,
        "line_number": 360,
        "is_secret": false
      },
      {
        "type": "Base64 High Entropy String",
        "filename": "auth_callout/pnpm-lock.yaml",
        "hashed_secret": "5856bd4cb3a23981807d6e537408344c13ffaada",
        "is_verified": false,
        "line_number": 364,
        "is_secret": false
      },
      {
        "type": "Base64 High Entropy String",
        "filename": "auth_callout/pnpm-lock.yaml",
        "hashed_secret": "6a2e29f49d744c31da1e46102b652a3e92fb6e85",
        "is_verified": false,
        "line_number": 367,
        "is_secret": false
      },
      {
        "type": "Base64 High Entropy String",
        "filename": "auth_callout/pnpm-lock.yaml",
        "hashed_secret": "63a0e03748cbdee9d77e7572839c1d54ca7831bf",
        "is_verified": false,
        "line_number": 370,
        "is_secret": false
      },
      {
        "type": "Base64 High Entropy String",
        "filename": "auth_callout/pnpm-lock.yaml",
        "hashed_secret": "835179cd68b4a66aa75e3ea26afa0f750179bd06",
        "is_verified": false,
        "line_number": 373,
        "is_secret": false
      },
      {
        "type": "Base64 High Entropy String",
        "filename": "auth_callout/pnpm-lock.yaml",
        "hashed_secret": "d7cdb9c755d36ef6bba01ff385c215194d07c523",
        "is_verified": false,
        "line_number": 376,
        "is_secret": false
      },
      {
        "type": "Base64 High Entropy String",
        "filename": "auth_callout/pnpm-lock.yaml",
        "hashed_secret": "73f99321c1d31c19b059d58bf503320edb5ca0b8",
        "is_verified": false,
        "line_number": 380,
        "is_secret": false
      },
      {
        "type": "Base64 High Entropy String",
        "filename": "auth_callout/pnpm-lock.yaml",
        "hashed_secret": "651940058f64017d4b2ae19306bdfe8d0079c892",
        "is_verified": false,
        "line_number": 384,
        "is_secret": false
      },
      {
        "type": "Base64 High Entropy String",
        "filename": "auth_callout/pnpm-lock.yaml",
        "hashed_secret": "b701486290777985572bdf83321be59eee7cd0c6",
        "is_verified": false,
        "line_number": 388,
        "is_secret": false
      },
      {
        "type": "Base64 High Entropy String",
        "filename": "auth_callout/pnpm-lock.yaml",
        "hashed_secret": "b6ff27584e87f7968bf0c9ae8a844c019f0a2b88",
        "is_verified": false,
        "line_number": 391,
        "is_secret": false
      },
      {
        "type": "Base64 High Entropy String",
        "filename": "auth_callout/pnpm-lock.yaml",
        "hashed_secret": "4f4a8445dd48e2593fe911b0fb1873eb7cecfbb8",
        "is_verified": false,
        "line_number": 396,
        "is_secret": false
      },
      {
        "type": "Base64 High Entropy String",
        "filename": "auth_callout/pnpm-lock.yaml",
        "hashed_secret": "1e69b765ffdf4b86cd9999f24e7dcae8bb79cb09",
        "is_verified": false,
        "line_number": 399,
        "is_secret": false
      },
      {
        "type": "Base64 High Entropy String",
        "filename": "auth_callout/pnpm-lock.yaml",
        "hashed_secret": "30f2e705fea31433cddce17c2540920d2e681472",
        "is_verified": false,
        "line_number": 403,
        "is_secret": false
      },
      {
        "type": "Base64 High Entropy String",
        "filename": "auth_callout/pnpm-lock.yaml",
        "hashed_secret": "0a68e003e521d8b996e1c07b3b5b2664de31fa44",
        "is_verified": false,
        "line_number": 407,
        "is_secret": false
      },
      {
        "type": "Base64 High Entropy String",
        "filename": "auth_callout/pnpm-lock.yaml",
        "hashed_secret": "97d77287e5c1c07c7f96185e164752eca91c10dc",
        "is_verified": false,
        "line_number": 411,
        "is_secret": false
      },
      {
        "type": "Base64 High Entropy String",
        "filename": "auth_callout/pnpm-lock.yaml",
        "hashed_secret": "61ff5c8a702d8ffe28063c06487a3a5a0db2ed70",
        "is_verified": false,
        "line_number": 415,
        "is_secret": false
      },
      {
        "type": "Base64 High Entropy String",
        "filename": "auth_callout/pnpm-lock.yaml",
        "hashed_secret": "167dfbac1a5365be2d247e60f9f607b352061e26",
        "is_verified": false,
        "line_number": 419,
        "is_secret": false
      },
      {
        "type": "Base64 High Entropy String",
        "filename": "auth_callout/pnpm-lock.yaml",
        "hashed_secret": "1ac881fcbb09fad5c8b422aa517c10f8aae9c8b0",
        "is_verified": false,
        "line_number": 422,
        "is_secret": false
      },
      {
        "type": "Base64 High Entropy String",
        "filename": "auth_callout/pnpm-lock.yaml",
        "hashed_secret": "0baacb6bd5363cdab143dd58d7bacfb5a430d5aa",
        "is_verified": false,
        "line_number": 426,
        "is_secret": false
      },
      {
        "type": "Base64 High Entropy String",
        "filename": "auth_callout/pnpm-lock.yaml",
        "hashed_secret": "f050f181001fd5c680025c3523ba13fbb449e143",
        "is_verified": false,
        "line_number": 430,
        "is_secret": false
      },
      {
        "type": "Base64 High Entropy String",
        "filename": "auth_callout/pnpm-lock.yaml",
        "hashed_secret": "6c8698ec180cb58d9c2baa683e3a57c1eb18e2f3",
        "is_verified": false,
        "line_number": 435,
        "is_secret": false
      },
      {
        "type": "Base64 High Entropy String",
        "filename": "auth_callout/pnpm-lock.yaml",
        "hashed_secret": "9dff9e9fd2f6eeeb815eb9db94eff6248259ba16",
        "is_verified": false,
        "line_number": 438,
        "is_secret": false
      },
      {
        "type": "Base64 High Entropy String",
        "filename": "auth_callout/pnpm-lock.yaml",
        "hashed_secret": "17df0cf1bffb39d85a2aea45c887f1998ffc48a8",
        "is_verified": false,
        "line_number": 442,
        "is_secret": false
      },
      {
        "type": "Base64 High Entropy String",
        "filename": "auth_callout/pnpm-lock.yaml",
        "hashed_secret": "1338993437e932a3a553f96c7d0e7f85f8c8c242",
        "is_verified": false,
        "line_number": 445,
        "is_secret": false
      },
      {
        "type": "Base64 High Entropy String",
        "filename": "auth_callout/pnpm-lock.yaml",
        "hashed_secret": "9cdaff6351897a9b2cbd6ced008b1fe2b93f4915",
        "is_verified": false,
        "line_number": 449,
        "is_secret": false
      },
      {
        "type": "Base64 High Entropy String",
        "filename": "auth_callout/pnpm-lock.yaml",
        "hashed_secret": "dba7a636ef0b7f00cb8c1cfce617db1201444012",
        "is_verified": false,
        "line_number": 454,
        "is_secret": false
      },
      {
        "type": "Base64 High Entropy String",
        "filename": "auth_callout/pnpm-lock.yaml",
        "hashed_secret": "46ad1984ce81128fc5040db8164c0cddf8574423",
        "is_verified": false,
        "line_number": 457,
        "is_secret": false
      },
      {
        "type": "Base64 High Entropy String",
        "filename": "auth_callout/pnpm-lock.yaml",
        "hashed_secret": "364e986c38a86ea0522f0668affc0a6954204dba",
        "is_verified": false,
        "line_number": 462,
        "is_secret": false
      },
      {
        "type": "Base64 High Entropy String",
        "filename": "auth_callout/pnpm-lock.yaml",
        "hashed_secret": "c44c74adebc4e9832e4ef9dacc60f36520f7e919",
        "is_verified": false,
        "line_number": 466,
        "is_secret": false
      },
      {
        "type": "Base64 High Entropy String",
        "filename": "auth_callout/pnpm-lock.yaml",
        "hashed_secret": "8db956011899a12e5f3cd3b6451ca77c5896f94d",
        "is_verified": false,
        "line_number": 469,
        "is_secret": false
      },
      {
        "type": "Base64 High Entropy String",
        "filename": "auth_callout/pnpm-lock.yaml",
        "hashed_secret": "4c8a960439864672cef22edf28a40c8a3749ed68",
        "is_verified": false,
        "line_number": 473,
        "is_secret": false
      },
      {
        "type": "Base64 High Entropy String",
        "filename": "auth_callout/pnpm-lock.yaml",
        "hashed_secret": "8368db68b0ace9e898989e5e645c5e1eddf99b11",
        "is_verified": false,
        "line_number": 477,
        "is_secret": false
      },
      {
        "type": "Base64 High Entropy String",
        "filename": "auth_callout/pnpm-lock.yaml",
        "hashed_secret": "69e4418b2ffb487c86b50465bb7a8dd539577c3f",
        "is_verified": false,
        "line_number": 481,
        "is_secret": false
      },
      {
        "type": "Base64 High Entropy String",
        "filename": "auth_callout/pnpm-lock.yaml",
        "hashed_secret": "417279a3d4b01a908cff96961ce78f96a84813dc",
        "is_verified": false,
        "line_number": 485,
        "is_secret": false
      },
      {
        "type": "Base64 High Entropy String",
        "filename": "auth_callout/pnpm-lock.yaml",
        "hashed_secret": "36a41bfa336a40f390233bcb3edba75b423c0ac5",
        "is_verified": false,
        "line_number": 488,
        "is_secret": false
      },
      {
        "type": "Base64 High Entropy String",
        "filename": "auth_callout/pnpm-lock.yaml",
        "hashed_secret": "eea38e27fceb0ae88f9dd4b201581483f67bbfb0",
        "is_verified": false,
        "line_number": 492,
        "is_secret": false
      },
      {
        "type": "Base64 High Entropy String",
        "filename": "auth_callout/pnpm-lock.yaml",
        "hashed_secret": "9da1c2cee5a07a7b753c51e294a418ef758856dd",
        "is_verified": false,
        "line_number": 497,
        "is_secret": false
      },
      {
        "type": "Base64 High Entropy String",
        "filename": "auth_callout/pnpm-lock.yaml",
        "hashed_secret": "15722b2d85dd78abf0730839c0ebdfb5873a2da4",
        "is_verified": false,
        "line_number": 500,
        "is_secret": false
      },
      {
        "type": "Base64 High Entropy String",
        "filename": "auth_callout/pnpm-lock.yaml",
        "hashed_secret": "8876ff42e4794aecb707ec256444daa116f7af38",
        "is_verified": false,
        "line_number": 504,
        "is_secret": false
      },
      {
        "type": "Base64 High Entropy String",
        "filename": "auth_callout/pnpm-lock.yaml",
        "hashed_secret": "c7e09ea684e569bdbe89f1821f0e1ed58d19543d",
        "is_verified": false,
        "line_number": 509,
        "is_secret": false
      },
      {
        "type": "Base64 High Entropy String",
        "filename": "auth_callout/pnpm-lock.yaml",
        "hashed_secret": "798f9aebdd4bf85e0bdb03faad72aee2708a58c3",
        "is_verified": false,
        "line_number": 512,
        "is_secret": false
      },
      {
        "type": "Base64 High Entropy String",
        "filename": "auth_callout/pnpm-lock.yaml",
        "hashed_secret": "f5ff16aadad94371bd9495818e729471645a950f",
        "is_verified": false,
        "line_number": 516,
        "is_secret": false
      },
      {
        "type": "Base64 High Entropy String",
        "filename": "auth_callout/pnpm-lock.yaml",
        "hashed_secret": "5a2fe9ddf771c3e6f4a8e845b3ef863a344c5e45",
        "is_verified": false,
        "line_number": 547,
        "is_secret": false
      },
      {
        "type": "Base64 High Entropy String",
        "filename": "auth_callout/pnpm-lock.yaml",
        "hashed_secret": "4ddc97decb65914d42acda848094a26a21821901",
        "is_verified": false,
        "line_number": 575,
        "is_secret": false
      },
      {
        "type": "Base64 High Entropy String",
        "filename": "auth_callout/pnpm-lock.yaml",
        "hashed_secret": "0e3ffcc399dacf6a62b0cb7b3dc53ef469c346ab",
        "is_verified": false,
        "line_number": 579,
        "is_secret": false
      },
      {
        "type": "Base64 High Entropy String",
        "filename": "auth_callout/pnpm-lock.yaml",
        "hashed_secret": "02e53547e58098b5851df5b29367ef3d822dd596",
        "is_verified": false,
        "line_number": 583,
        "is_secret": false
      },
      {
        "type": "Base64 High Entropy String",
        "filename": "auth_callout/pnpm-lock.yaml",
        "hashed_secret": "9a109559ce8cd25d4f81367f98d4115d0be56698",
        "is_verified": false,
        "line_number": 586,
        "is_secret": false
      },
      {
        "type": "Base64 High Entropy String",
        "filename": "auth_callout/pnpm-lock.yaml",
        "hashed_secret": "b80f026fd0e5da498ead29558d3b0e4097621327",
        "is_verified": false,
        "line_number": 589,
        "is_secret": false
      },
      {
        "type": "Base64 High Entropy String",
        "filename": "auth_callout/pnpm-lock.yaml",
        "hashed_secret": "b026b5a879ccd07767f7ed73effa40e3804ca21d",
        "is_verified": false,
        "line_number": 592,
        "is_secret": false
      },
      {
        "type": "Base64 High Entropy String",
        "filename": "auth_callout/pnpm-lock.yaml",
        "hashed_secret": "9a7f758ccbe3c1a33e64125ee88909ceb0f2b9ad",
        "is_verified": false,
        "line_number": 596,
        "is_secret": false
      },
      {
        "type": "Base64 High Entropy String",
        "filename": "auth_callout/pnpm-lock.yaml",
        "hashed_secret": "03edbe2e35e4244d03ec1f59ae4b9e86cb180365",
        "is_verified": false,
        "line_number": 599,
        "is_secret": false
      }
    ]
  },
  "generated_at": "2024-07-08T10:31:55Z"
}
